33

--001

¡½¡½¡½¡½¡½¡½¡½¡½
¡½¡½¡O¡½¡½¡½¡O¡½
¡½¡½  ¡½    ¡O¡½
¡½¡½  ¡¼¡¼  ¡ó¡½
¡½¡½    ¡¼    ¡½
¡½¡½    ¡½    ¡½
¡½¡½    ¡½¡½¡½¡½
¡½¡½¡½¡½¡½¡½¡½¡½

--002

¡½¡½¡½¡½¡½¡½¡½¡½
¡½¡½¡½¡½  ¡ó¡½¡½
¡½¡½¡½¡½      ¡½
¡½¡O  ¡½¡¼¡¼  ¡½
¡½          ¡½¡½
¡½¡O    ¡¼¡½¡½¡½
¡½¡½¡O    ¡½¡½¡½
¡½¡½¡½¡½¡½¡½¡½¡½

--003

¡½¡½¡½¡½¡½¡½¡½¡½
¡½  ¡O¡O¡½¡½¡½¡½
¡½  ¡¼        ¡½
¡½    ¡½¡¼¡½  ¡½
¡½  ¡ó  ¡O¡¼  ¡½
¡½¡½¡½¡½¡½¡½¡½¡½
¡½¡½¡½¡½¡½¡½¡½¡½
¡½¡½¡½¡½¡½¡½¡½¡½

--004

¡½¡½¡½¡½¡½¡½¡½¡½
¡½      ¡ó¡½¡½¡½
¡½  ¡¼¡½  ¡½¡½¡½
¡½      ¡¼    ¡½
¡½      ¡½¡½  ¡½
¡½¡½¡O    ¡O  ¡½
¡½¡½¡½      ¡½¡½
¡½¡½¡½¡½¡½¡½¡½¡½

--005

¡½¡½¡½¡½¡½¡½¡½¡½
¡½¡½      ¡½¡½¡½
¡½  ¡¼¡½  ¡½¡½¡½
¡½  ¡O  ¡ó¡½¡½¡½
¡½          ¡½¡½
¡½¡½  ¡½¡¼  ¡½¡½
¡½¡½¡O    ¡½¡½¡½
¡½¡½¡½¡½¡½¡½¡½¡½

--006

¡½¡½¡½¡½¡½¡½¡½¡½
¡½¡½¡½    ¡O¡½¡½
¡½  ¡¼  ¡½  ¡½¡½
¡½    ¡¼    ¡½¡½
¡½  ¡O¡½¡ó  ¡½¡½
¡½        ¡½¡½¡½
¡½      ¡½¡½¡½¡½
¡½¡½¡½¡½¡½¡½¡½¡½

--007

¡½¡½¡½¡½¡½¡½¡½¡½
¡½¡½¡½¡½¡½¡½¡½¡½
¡½¡O    ¡ó¡O¡½¡½
¡½    ¡¼¡½  ¡½¡½
¡½  ¡½  ¡¼¡O  ¡½
¡½      ¡¼¡½  ¡½
¡½¡½¡½¡½      ¡½
¡½¡½¡½¡½¡½¡½¡½¡½

--008

  ¡½¡½¡½¡½¡½¡½
  ¡½¡ó      ¡½¡½¡½
¡½¡½  ¡½¡½¡¼  ¡O¡½¡½
¡½      ¡¼  ¡¼¡O¡O¡½
¡½¡½  ¡¼  ¡¼  ¡O¡O¡½
  ¡½    ¡½¡½¡½¡½¡½¡½
  ¡½¡½¡½¡½

--009

¡½¡½¡½¡½¡½¡½¡½¡½¡½¡½¡½
¡½¡ó                ¡½
¡½  ¡½¡½¡½¡½  ¡½¡½  ¡½
¡½  ¡O  ¡¼¡O¡¼  ¡½  ¡½
¡½  ¡½  ¡¼¡O¡¼  ¡O  ¡½
¡½  ¡½¡½  ¡½¡½¡½¡½  ¡½
¡½                  ¡½
¡½¡½¡½¡½¡½¡½¡½¡½¡½¡½¡½

--010

¡½¡½¡½¡½¡½¡½¡½¡½¡½
¡½              ¡½
¡½¡¼¡¼¡¼  ¡¼¡¼¡¼¡½
¡½¡O¡O¡O¡O¡O¡O¡O¡½
¡½¡O¡O¡O¡½¡O¡O¡O¡½
¡½¡¼¡¼¡¼¡¼¡¼¡¼¡¼¡½
¡½      ¡ó      ¡½
¡½¡½¡½¡½¡½¡½¡½¡½¡½

--011

      ¡½¡½¡½¡½¡½
  ¡½¡½¡½      ¡½¡½¡½
  ¡½  ¡¼  ¡¼¡ó    ¡½¡½
¡½¡½  ¡½¡½¡O¡½¡½    ¡½
¡½      ¡¼¡O¡½¡O¡¼  ¡½
¡½      ¡½¡¼¡½¡O¡½  ¡½
¡½¡½¡½    ¡O¡O¡O¡¼  ¡½
    ¡½¡½¡½  ¡½¡¼¡½¡½¡½
        ¡½      ¡½
        ¡½¡½¡½¡½¡½

--012

        ¡½¡½¡½¡½
¡½¡½¡½¡½¡½    ¡½¡½¡½¡½¡½¡½
¡½  ¡¼    ¡¼      ¡¼¡ó  ¡½
¡½  ¡½  ¡½  ¡¼  ¡½¡½¡½¡¼¡½
¡½      ¡¼  ¡½    ¡½    ¡½
¡½¡½¡½  ¡½        ¡½¡¼  ¡½
  ¡½      ¡½¡¼¡½  ¡¼    ¡½
  ¡½  ¡O¡O¡O¡O¡O¡O¡O¡O¡O¡½
  ¡½      ¡½¡½¡½¡½¡½¡½¡½¡½
  ¡½¡½¡½¡½¡½

--013

  ¡½¡½¡½¡½¡½
  ¡½  ¡ó  ¡½
  ¡½¡¼¡¼¡¼¡½
  ¡½      ¡½¡½¡½¡½
¡½¡½¡¼¡½¡O      ¡½
¡½¡O  ¡O¡¼¡O¡¼  ¡½
¡½¡½¡O¡½¡O¡½    ¡½
  ¡½¡½¡½¡½¡½¡½¡½¡½

--014

          ¡½¡½¡½¡½¡½
¡½¡½¡½¡½¡½¡½      ¡½
¡½¡ó¡¼  ¡O¡O  ¡¼  ¡½
¡½  ¡¼¡¼¡O¡O  ¡¼¡½¡½
¡½  ¡¼  ¡O¡O    ¡½
¡½¡½¡½¡½¡½¡½¡½¡½¡½

--015

                ¡½¡½¡½¡½¡½¡½¡½
        ¡½¡½¡½¡½¡½    ¡½    ¡½¡½¡½¡½
        ¡½              ¡¼        ¡½
  ¡½¡½¡½¡½  ¡½¡¼    ¡½¡½  ¡½¡½    ¡½
¡½¡½            ¡½  ¡½    ¡½¡½  ¡½¡½¡½
¡½    ¡½¡½¡½  ¡¼¡½¡¼    ¡¼    ¡¼    ¡½
¡½¡O¡O          ¡½  ¡½¡½    ¡½      ¡½
¡½¡O¡O¡O              ¡½  ¡½¡½¡½  ¡½¡½
¡½¡O¡O¡O      ¡½¡½¡½¡ó  ¡¼    ¡¼    ¡½
¡½¡½¡½¡½¡½¡½¡½¡½  ¡½¡½      ¡½      ¡½
                    ¡½¡½¡½¡½¡½¡½¡½¡½¡½

--016

      ¡½¡½¡½¡½¡½¡½
¡½¡½¡½¡½        ¡½¡½
¡½¡ó  ¡¼  ¡¼      ¡½
¡½    ¡¼      ¡¼  ¡½
¡½¡½¡½¡½¡½¡¼¡¼¡½¡½¡½
    ¡½¡O¡O    ¡½
    ¡½¡O¡O¡O¡O¡½
    ¡½¡½¡½¡½¡½¡½

--017

¡½¡½¡½¡½¡½¡½¡½¡½¡½
¡½              ¡½¡½
¡½  ¡¼¡½¡¼¡½      ¡½
¡½¡O¡¼¡O    ¡¼¡¼  ¡½
¡½¡O¡O¡O¡½¡½¡½¡ó  ¡½
¡½¡½¡½¡½¡½  ¡½¡½¡½¡½

--018

          ¡½¡½¡½¡½
      ¡½¡½¡½    ¡½¡½¡½¡½
¡½¡½¡½¡½  ¡¼    ¡½    ¡½
¡½  ¡¼    ¡¼  ¡¼      ¡½
¡½  ¡½  ¡½¡¼¡½¡¼¡½    ¡½
¡½  ¡O¡O¡O¡O¡ó¡O¡O  ¡½¡½
¡½¡½¡½¡½¡½¡½¡½¡½¡½¡½¡½

--019

  ¡½¡½¡½¡½¡½¡½
  ¡½        ¡½¡½
¡½¡½¡O¡½¡½¡¼  ¡½
¡½  ¡O¡O¡¼    ¡½
¡½    ¡½¡¼    ¡½
¡½    ¡ó  ¡½¡½¡½
¡½¡½¡½¡½¡½¡½

--020

    ¡½¡½¡½¡½¡½¡½¡½¡½
¡½¡½¡½    ¡ó      ¡½
¡½      ¡¼  ¡¼    ¡½
¡½    ¡¼  ¡¼  ¡¼  ¡½
¡½¡½¡½¡½¡½¡¼¡½¡½¡½¡½¡½
      ¡½¡½  ¡O  ¡O¡O¡½
      ¡½    ¡O¡½    ¡½
      ¡½  ¡O      ¡O¡½
      ¡½¡½¡½¡½    ¡½¡½
            ¡½¡½¡½¡½

--021

¡½¡½¡½¡½¡½¡½¡½¡½
¡½      ¡¼¡O  ¡½  ¡½¡½¡½¡½¡½¡½¡½
¡½¡O¡¼        ¡½  ¡½        ¡O¡½
¡½¡½¡½¡½  ¡O¡½¡½  ¡½¡O    ¡¼  ¡½
      ¡½    ¡½    ¡½¡½¡½    ¡½¡½
      ¡½    ¡½      ¡½¡½  ¡¼¡½
      ¡½    ¡½        ¡½¡O  ¡½
¡½¡½¡½¡½¡¼¡½¡½¡½¡½¡½¡½¡½¡¼¡½¡½¡½
¡½            ¡ó              ¡½
¡½¡½¡½¡½¡½¡½¡½¡½¡½¡½¡½¡½¡½¡½¡½¡½

--022

          ¡½¡½¡½¡½¡½¡½¡½
          ¡½    ¡ó    ¡½¡½
          ¡½  ¡¼  ¡¼    ¡½
          ¡½    ¡¼  ¡¼  ¡½
          ¡½¡½¡½¡¼¡½¡½¡½¡½
          ¡½  ¡O  ¡O¡O¡½
          ¡½          ¡½
          ¡½    ¡½  ¡O¡½
          ¡½    ¡O    ¡½
          ¡½¡½¡½¡½¡½¡½¡½

--023

          ¡½¡½¡½¡½¡½
          ¡½      ¡½¡½¡½¡½¡½
          ¡½  ¡½  ¡½      ¡½
          ¡½  ¡¼      ¡¼  ¡½
          ¡½¡O¡O¡½¡¼¡½¡¼¡½¡½
          ¡½¡O¡ó¡¼      ¡½
          ¡½¡O¡O    ¡½¡½¡½
          ¡½¡½¡½¡½¡½¡½

--024

            ¡½¡½¡½¡½¡½¡½¡½
            ¡½          ¡½¡½¡½
          ¡½¡½¡¼¡½¡½¡½      ¡½
          ¡½  ¡ó  ¡¼    ¡¼  ¡½
          ¡½  ¡O¡O¡½  ¡¼  ¡½¡½
          ¡½¡½¡O¡O¡½      ¡½
            ¡½¡½¡½¡½¡½¡½¡½¡½

--025

                ¡½¡½¡½¡½¡½¡½¡½
              ¡½¡½    ¡½  ¡ó¡½
              ¡½      ¡½    ¡½
              ¡½¡¼  ¡¼  ¡¼  ¡½
              ¡½  ¡¼¡½¡½    ¡½
          ¡½¡½¡½  ¡¼  ¡½  ¡½¡½
          ¡½¡O¡O¡O¡O¡O    ¡½
          ¡½¡½¡½¡½¡½¡½¡½¡½¡½

--026

    ¡½¡½¡½¡½¡½¡½¡½¡½
¡½¡½¡½    ¡ó      ¡½
¡½      ¡¼  ¡¼    ¡½
¡½    ¡¼  ¡¼  ¡¼  ¡½
¡½¡½¡½¡½¡½¡¼¡½¡½¡½¡½¡½
      ¡½¡½  ¡O  ¡O¡O¡½
      ¡½    ¡O¡½    ¡½
      ¡½  ¡O      ¡O¡½
      ¡½¡½¡½¡½    ¡½¡½
            ¡½¡½¡½¡½

--027

¡½¡½¡½¡½¡½¡½¡½
¡½    ¡ó    ¡½¡½
¡½  ¡¼  ¡¼    ¡½
¡½    ¡¼  ¡¼  ¡½
¡½¡½¡½¡¼¡½¡½¡½¡½
¡½  ¡O  ¡O¡O¡½
¡½          ¡½
¡½    ¡½  ¡O¡½
¡½    ¡O    ¡½
¡½¡½¡½¡½¡½¡½¡½

--028

  ¡½¡½¡½¡½¡½
  ¡½  ¡ó  ¡½¡½¡½
¡½¡½  ¡½¡¼    ¡½
¡½    ¡O  ¡O  ¡½
¡½    ¡¼¡¼  ¡½¡½
¡½¡½¡½  ¡½¡O¡½
    ¡½      ¡½
    ¡½¡½¡½¡½¡½

--029

¡½¡½¡½¡½¡½
¡½      ¡½¡½¡½¡½¡½
¡½  ¡½  ¡½      ¡½
¡½  ¡¼      ¡¼  ¡½
¡½¡O¡O¡½¡¼¡½¡¼¡½¡½
¡½¡O¡ó¡¼      ¡½
¡½¡O¡O    ¡½¡½¡½
¡½¡½¡½¡½¡½¡½

--030

¡½¡½¡½¡½¡½¡½¡½¡½
¡½      ¡¼¡O  ¡½  ¡½¡½¡½¡½¡½¡½¡½
¡½¡O¡¼        ¡½  ¡½        ¡O¡½
¡½¡½¡½¡½  ¡O¡½¡½  ¡½¡O    ¡¼  ¡½
  ¡½¡½¡½    ¡½    ¡½¡½¡½    ¡½¡½
    ¡½¡½    ¡½      ¡½¡½  ¡¼¡½
      ¡½    ¡½        ¡½¡O  ¡½
¡½¡½¡½¡½¡¼¡½¡½¡½¡½¡½¡½¡½¡¼¡½¡½¡½
¡½              ¡ó            ¡½
¡½¡½¡½¡½¡½¡½¡½¡½¡½¡½¡½¡½¡½¡½¡½¡½

--031

          ¡½¡½¡½¡½
      ¡½¡½¡½    ¡½¡½¡½¡½
¡½¡½¡½¡½  ¡¼    ¡½    ¡½
¡½  ¡¼    ¡¼  ¡¼      ¡½
¡½  ¡½  ¡½¡¼¡½¡¼¡½    ¡½
¡½  ¡O¡O¡O¡O¡ó¡O¡O  ¡½¡½
¡½¡½¡½¡½¡½¡½¡½¡½¡½¡½¡½

--032

¡½¡½¡½¡½¡½¡½¡½¡½
¡½¡½¡½¡½¡½¡½¡½¡½
¡½¡½        ¡½¡½
¡½¡½¡O¡½¡½¡¼  ¡½
¡½  ¡O¡O¡¼    ¡½
¡½    ¡½¡¼    ¡½
¡½    ¡ó  ¡½¡½¡½
¡½¡½¡½¡½¡½¡½¡½¡½

--033

  ¡½¡½¡½¡½¡½¡½
¡½¡½    ¡ó  ¡½¡½¡½
¡½    ¡¼¡O¡¼    ¡½
¡½  ¡¼¡O¡¼¡O¡¼  ¡½
¡½¡½¡O¡¼¡O¡¼¡O¡½¡½
  ¡½  ¡O¡¼¡O  ¡½
  ¡½¡½      ¡½¡½
    ¡½¡½¡½¡½¡½
